// Jest Snapshot v1, https://goo.gl/fbAQLP

exports[`allowed moves h6 1`] = `
Array [
  Array [
    "g",
    4,
  ],
  Array [
    "f",
    5,
  ],
  Array [
    "f",
    7,
  ],
  Array [
    "g",
    8,
  ],
]
`;
